---
source: shared/tests/layout.rs
expression: layout
---
inbound:
  line:
    - - 143.33333333333331
      - 0
    - - 143.33333333333331
      - 932
outbound:
  line:
    - - 286.66666666666663
      - 0
    - - 286.66666666666663
      - 932
buttons:
  - rect:
      - - 193.5
        - 140.5
      - - 236.5
        - 183.5
  - rect:
      - - 193.5
        - 292.5
      - - 236.5
        - 335.5
  - rect:
      - - 193.5
        - 444.5
      - - 236.5
        - 487.5
  - rect:
      - - 193.5
        - 596.5
      - - 236.5
        - 639.5
  - rect:
      - - 193.5
        - 748.5
      - - 236.5
        - 791.5
tracks:
  - rect:
      - - 184.9
        - 131.9
      - - 574.7666666666667
        - 192.1
  - rect:
      - - 184.9
        - 283.9
      - - 574.7666666666667
        - 344.1
  - rect:
      - - 184.9
        - 435.9
      - - 574.7666666666667
        - 496.1
  - rect:
      - - 184.9
        - 587.9
      - - 574.7666666666667
        - 648.1
  - rect:
      - - 184.9
        - 739.9
      - - 574.7666666666667
        - 800.1
menu_position:
  TopLeft:
    rect:
      - - 0
        - 0
      - - 143.33333333333334
        - 143.33333333333334

