---
source: shared/src/app/instrument/config.rs
expression: config
---
portrait: false
width: 2960
height: 1440
breadth: 480
length: 2596
groups: 2
buttons_group: 2
button_size: 76
button_track_margin: 0.2
safe_area:
  - 202
  - 20
  - 162
  - 25

