---
source: shared/src/app/instrument/config.rs
expression: config
---
portrait: false
width: 1280
height: 1024
breadth: 341.3333333333333
length: 1092
groups: 1
buttons_group: 3
button_size: 32
button_track_margin: 0.2
safe_area:
  - 114
  - 20
  - 74
  - 25

