---
source: shared/src/app/instrument/config.rs
expression: config
---
portrait: false
width: 2560
height: 1600
breadth: 533.3333333333334
length: 2196
groups: 1
buttons_group: 3
button_size: 76
button_track_margin: 0.2
safe_area:
  - 202
  - 20
  - 162
  - 25
f0: 169.1283536252866

