---
source: shared/src/app/instrument/config.rs
expression: config
---
portrait: false
width: 1366
height: 768
breadth: 256
length: 1150
groups: 2
buttons_group: 2
button_size: 39
button_track_margin: 0.2
safe_area:
  - 128
  - 20
  - 88
  - 25

