---
source: shared/src/app/instrument/config.rs
expression: config
---
portrait: false
width: 1280
height: 800
breadth: 266.6666666666667
length: 1124
groups: 1
buttons_group: 3
button_size: 24
button_track_margin: 0.2
safe_area:
  - 98
  - 20
  - 58
  - 25
f0: 147.08772892393165

