---
source: shared/src/app/instrument/config.rs
expression: config
---
portrait: false
width: 1920
height: 1200
breadth: 400
length: 1732
groups: 2
buttons_group: 2
button_size: 32
button_track_margin: 0.2
safe_area:
  - 114
  - 20
  - 74
  - 25

