---
source: shared/src/app/instrument/config.rs
expression: config
---
portrait: false
width: 1280
height: 800
breadth: 266.6666666666667
length: 1040
groups: 1
buttons_group: 3
button_size: 45
button_track_margin: 0.2
safe_area:
  - 140
  - 20
  - 100
  - 25
f0: 161.66632302368976

