---
source: shared/src/app/instrument/config.rs
expression: config
---
portrait: false
width: 6016
height: 3384
breadth: 1128
length: 5524
groups: 1
buttons_group: 3
button_size: 108
button_track_margin: 0.2
safe_area:
  - 266
  - 20
  - 226
  - 25
f0: 160.33765488262856

