---
source: shared/src/app/instrument/config.rs
expression: config
---
portrait: false
width: 2436
height: 1125
breadth: 375
length: 2196
groups: 3
buttons_group: 3
button_size: 45
button_track_margin: 0.2
safe_area:
  - 140
  - 20
  - 100
  - 25
f0: 157.6344450979402

