---
source: shared/src/app/instrument/config.rs
expression: config
---
portrait: false
width: 2560
height: 1440
breadth: 480
length: 2292
whitespace: 104
groups: 1
buttons_group: 3
button_size: 52
button_track_margin: 0.2
safe_area:
  - 50
  - 20
  - 10
  - 25
f0: 133.21661
sample_rate_hz: 96000
channels: 1

