---
source: shared/src/app/instrument/config.rs
expression: config
---
portrait: false
width: 3840
height: 1080
breadth: 360
length: 3720
groups: 7
buttons_group: 2
button_size: 15
button_track_margin: 0.2
safe_area:
  - 80
  - 20
  - 40
  - 25

