---
source: shared/src/app/instrument/config.rs
expression: config
---
portrait: false
width: 2960
height: 1440
breadth: 480
length: 2612
groups: 2
buttons_group: 2
button_size: 72
button_track_margin: 0.2
safe_area:
  - 194
  - 20
  - 154
  - 25

