---
source: shared/src/app/instrument/config.rs
expression: config
---
portrait: false
width: 2048
height: 1536
breadth: 512
length: 1880
groups: 1
buttons_group: 5
button_size: 27
button_track_margin: 0.2
safe_area:
  - 104
  - 20
  - 64
  - 25
f0: 111.70552806374445

