---
source: shared/src/app/instrument/config.rs
expression: config
---
portrait: false
width: 3440
height: 1440
breadth: 480
length: 3340
groups: 5
buttons_group: 2
button_size: 10
button_track_margin: 0.2
safe_area:
  - 70
  - 20
  - 30
  - 25

