---
source: shared/src/app/instrument/config.rs
expression: config
---
portrait: false
width: 3840
height: 1600
breadth: 533.3333333333334
length: 3416
groups: 3
buttons_group: 2
button_size: 91
button_track_margin: 0.2
safe_area:
  - 232
  - 20
  - 192
  - 25

