---
source: shared/src/app/instrument/config.rs
expression: config
---
portrait: false
width: 2560
height: 1440
breadth: 480
length: 2244
groups: 1
buttons_group: 3
button_size: 64
button_track_margin: 0.2
safe_area:
  - 178
  - 20
  - 138
  - 25
f0: 150.82440120882296

