---
source: shared/src/app/instrument/config.rs
expression: config
---
portrait: false
width: 2560
height: 1440
breadth: 480
length: 2196
groups: 1
buttons_group: 3
button_size: 76
button_track_margin: 0.2
safe_area:
  - 202
  - 20
  - 162
  - 25
f0: 162.16452550830385

