---
source: shared/src/geometry/flex.rs
expression: child
---
Rect:
  rect:
    - - 16
      - 18
    - - 48
      - 82

